// Jest Snapshot v1, https://goo.gl/fbAQLP

exports[`Pruebas sobre  <FirstApp /> Debe comparar el snapshot  1`] = `
<div>
  <h1
    data-testid="test-title"
  >
    Hola Soy, Goku
  </h1>
  <p>
    0
  </p>
  <p>
    0
  </p>
  <p>
    Paul Reinoso
  </p>
</div>
`;
